// Vitest Snapshot v1

exports[`snapshot test 1`] = `
{
  "body": {
    "kind": "single",
    "singleResult": {
      "data": null,
      "errors": [
        {
          "extensions": {
            "code": "INTERNAL_SERVER_ERROR",
          },
          "locations": [
            {
              "column": 11,
              "line": 5,
            },
          ],
          "message": "Cannot read properties of undefined (reading 'debug')",
          "path": [
            "users",
            0,
            "name",
          ],
        },
      ],
    },
  },
  "http": {
    "headers": Map {
      "cache-control" => "no-store",
    },
    "status": undefined,
  },
}
`;
